---
source: core/src/hir/type_context.rs
expression: output
---
Lowering error in Foo::returns_slice: Primitive struct slices cannot be returned
