---
source: core/src/hir/attrs.rs
assertion_line: 1542
expression: output
---

Lowering error in Foo::takes_slice: TODO: insert error info here.